// Jest Snapshot v1, https://goo.gl/fbAQLP

exports[`<Header /> should match the snapshot 1`] = `
<header
  className="header"
>
  <h1
    className="header__title"
  >
    qtodo
    <span
      className="header__subtitle"
    >
      do things, it's cute
    </span>
  </h1>
</header>
`;
